// Jest Snapshot v1, https://goo.gl/fbAQLP

exports[`renders correctly 1`] = `
<View
  style={
    Object {
      "flex": 1,
      "padding": 20,
    }
  }
>
  <ActivityIndicator
    animating={true}
    color="#999999"
    hidesWhenStopped={true}
    size="large"
  />
  <Text
    accessible={true}
    allowFontScaling={true}
    ellipsizeMode="tail"
    style={undefined}
  >
    Getting som Popular Github repos
  </Text>
</View>
`;
